Archive member included to satisfy reference by file (symbol)

c:/program files (x86)/atmel/studio/7.0/toolchain/avr8/avr8-gnu-toolchain/bin/../lib/gcc/avr/5.4.0/avr5\libgcc.a(_exit.o)
                              C:/Program Files (x86)/Atmel/Studio/7.0/Packs/atmel/ATmega_DFP/1.2.132/gcc/dev/atmega32u4/avr5/crtatmega32u4.o (exit)
c:/program files (x86)/atmel/studio/7.0/toolchain/avr8/avr8-gnu-toolchain/bin/../lib/gcc/avr/5.4.0/avr5\libgcc.a(_copy_data.o)
                              src/LUFA/LUFA/Drivers/USB/Class/Device/CDCClassDevice.o (__do_copy_data)
c:/program files (x86)/atmel/studio/7.0/toolchain/avr8/avr8-gnu-toolchain/bin/../lib/gcc/avr/5.4.0/avr5\libgcc.a(_clear_bss.o)
                              encoder.o (__do_clear_bss)
c:/program files (x86)/atmel/studio/7.0/toolchain/avr8/avr8-gnu-toolchain/bin/../lib/gcc/avr/5.4.0/../../../../avr/lib/avr5\libc.a(memcpy_P.o)
                              src/LUFA/LUFA/Drivers/USB/Class/Device/RNDISClassDevice.o (memcpy_P)
c:/program files (x86)/atmel/studio/7.0/toolchain/avr8/avr8-gnu-toolchain/bin/../lib/gcc/avr/5.4.0/../../../../avr/lib/avr5\libc.a(strlen_P.o)
                              src/LUFA/LUFA/Drivers/USB/Class/Device/CDCClassDevice.o (__strlen_P)
c:/program files (x86)/atmel/studio/7.0/toolchain/avr8/avr8-gnu-toolchain/bin/../lib/gcc/avr/5.4.0/../../../../avr/lib/avr5\libc.a(memcmp.o)
                              src/LUFA/LUFA/Drivers/USB/Class/Device/HIDClassDevice.o (memcmp)
c:/program files (x86)/atmel/studio/7.0/toolchain/avr8/avr8-gnu-toolchain/bin/../lib/gcc/avr/5.4.0/../../../../avr/lib/avr5\libc.a(memcpy.o)
                              src/LUFA/LUFA/Drivers/USB/Class/Device/HIDClassDevice.o (memcpy)
c:/program files (x86)/atmel/studio/7.0/toolchain/avr8/avr8-gnu-toolchain/bin/../lib/gcc/avr/5.4.0/../../../../avr/lib/avr5\libc.a(memset.o)
                              src/LUFA/LUFA/Drivers/USB/Class/Device/HIDClassDevice.o (memset)
c:/program files (x86)/atmel/studio/7.0/toolchain/avr8/avr8-gnu-toolchain/bin/../lib/gcc/avr/5.4.0/../../../../avr/lib/avr5\libc.a(fputs.o)
                              VirtualSerial.o (fputs)
c:/program files (x86)/atmel/studio/7.0/toolchain/avr8/avr8-gnu-toolchain/bin/../lib/gcc/avr/5.4.0/../../../../avr/lib/avr5\libc.a(sprintf.o)
                              VirtualSerial.o (sprintf)
c:/program files (x86)/atmel/studio/7.0/toolchain/avr8/avr8-gnu-toolchain/bin/../lib/gcc/avr/5.4.0/../../../../avr/lib/avr5\libc.a(vfprintf_std.o)
                              c:/program files (x86)/atmel/studio/7.0/toolchain/avr8/avr8-gnu-toolchain/bin/../lib/gcc/avr/5.4.0/../../../../avr/lib/avr5\libc.a(sprintf.o) (vfprintf)
c:/program files (x86)/atmel/studio/7.0/toolchain/avr8/avr8-gnu-toolchain/bin/../lib/gcc/avr/5.4.0/../../../../avr/lib/avr5\libc.a(strnlen_P.o)
                              c:/program files (x86)/atmel/studio/7.0/toolchain/avr8/avr8-gnu-toolchain/bin/../lib/gcc/avr/5.4.0/../../../../avr/lib/avr5\libc.a(vfprintf_std.o) (strnlen_P)
c:/program files (x86)/atmel/studio/7.0/toolchain/avr8/avr8-gnu-toolchain/bin/../lib/gcc/avr/5.4.0/../../../../avr/lib/avr5\libc.a(strnlen.o)
                              c:/program files (x86)/atmel/studio/7.0/toolchain/avr8/avr8-gnu-toolchain/bin/../lib/gcc/avr/5.4.0/../../../../avr/lib/avr5\libc.a(vfprintf_std.o) (strnlen)
c:/program files (x86)/atmel/studio/7.0/toolchain/avr8/avr8-gnu-toolchain/bin/../lib/gcc/avr/5.4.0/../../../../avr/lib/avr5\libc.a(fputc.o)
                              c:/program files (x86)/atmel/studio/7.0/toolchain/avr8/avr8-gnu-toolchain/bin/../lib/gcc/avr/5.4.0/../../../../avr/lib/avr5\libc.a(vfprintf_std.o) (fputc)
c:/program files (x86)/atmel/studio/7.0/toolchain/avr8/avr8-gnu-toolchain/bin/../lib/gcc/avr/5.4.0/../../../../avr/lib/avr5\libc.a(ultoa_invert.o)
                              c:/program files (x86)/atmel/studio/7.0/toolchain/avr8/avr8-gnu-toolchain/bin/../lib/gcc/avr/5.4.0/../../../../avr/lib/avr5\libc.a(vfprintf_std.o) (__ultoa_invert)
C:/Program Files (x86)/Atmel/Studio/7.0/Packs/atmel/ATmega_DFP/1.2.132/gcc/dev/atmega32u4/avr5\libatmega32u4.a(eerd_byte.o)
                              src/LUFA/LUFA/Drivers/USB/Core/AVR8/EndpointStream_AVR8.o (eeprom_read_byte)
C:/Program Files (x86)/Atmel/Studio/7.0/Packs/atmel/ATmega_DFP/1.2.132/gcc/dev/atmega32u4/avr5\libatmega32u4.a(eeupd_byte.o)
                              src/LUFA/LUFA/Drivers/USB/Core/AVR8/EndpointStream_AVR8.o (eeprom_update_byte)
c:/program files (x86)/atmel/studio/7.0/toolchain/avr8/avr8-gnu-toolchain/bin/../lib/gcc/avr/5.4.0/avr5\libgcc.a(_prologue.o)
                              c:/program files (x86)/atmel/studio/7.0/toolchain/avr8/avr8-gnu-toolchain/bin/../lib/gcc/avr/5.4.0/../../../../avr/lib/avr5\libc.a(sprintf.o) (__prologue_saves__)
c:/program files (x86)/atmel/studio/7.0/toolchain/avr8/avr8-gnu-toolchain/bin/../lib/gcc/avr/5.4.0/avr5\libgcc.a(_epilogue.o)
[...]
Memory Configuration

Name             Origin             Length             Attributes
text             0x00000000         0x00020000         xr
data             0x00800060         0x0000ffa0         rw !x
eeprom           0x00810000         0x00010000         rw !x
fuse             0x00820000         0x00000003         rw !x
lock             0x00830000         0x00000400         rw !x
signature        0x00840000         0x00000400         rw !x
user_signatures  0x00850000         0x00000400         rw !x
*default*        0x00000000         0xffffffff

Linker script and memory map

Address of section .data set to 0x800100
LOAD C:/Program Files (x86)/Atmel/Studio/7.0/Packs/atmel/ATmega_DFP/1.2.132/gcc/dev/atmega32u4/avr5/crtatmega32u4.o
LOAD Descriptors.o
LOAD encoder.o
LOAD src/LUFA/LUFA/Drivers/USB/Class/Common/HIDParser.o
LOAD src/LUFA/LUFA/Drivers/USB/Class/Device/AudioClassDevice.o
LOAD src/LUFA/LUFA/Drivers/USB/Class/Device/CDCClassDevice.o
LOAD src/LUFA/LUFA/Drivers/USB/Class/Device/HIDClassDevice.o
LOAD src/LUFA/LUFA/Drivers/USB/Class/Device/MassStorageClassDevice.o
LOAD src/LUFA/LUFA/Drivers/USB/Class/Device/MIDIClassDevice.o
LOAD src/LUFA/LUFA/Drivers/USB/Class/Device/PrinterClassDevice.o
LOAD src/LUFA/LUFA/Drivers/USB/Class/Device/RNDISClassDevice.o
LOAD src/LUFA/LUFA/Drivers/USB/Class/Host/AndroidAccessoryClassHost.o
LOAD src/LUFA/LUFA/Drivers/USB/Class/Host/AudioClassHost.o
LOAD src/LUFA/LUFA/Drivers/USB/Class/Host/CDCClassHost.o
LOAD src/LUFA/LUFA/Drivers/USB/Class/Host/HIDClassHost.o
LOAD src/LUFA/LUFA/Drivers/USB/Class/Host/MassStorageClassHost.o
LOAD src/LUFA/LUFA/Drivers/USB/Class/Host/MIDIClassHost.o
LOAD src/LUFA/LUFA/Drivers/USB/Class/Host/PrinterClassHost.o
LOAD src/LUFA/LUFA/Drivers/USB/Class/Host/RNDISClassHost.o
LOAD src/LUFA/LUFA/Drivers/USB/Class/Host/StillImageClassHost.o
LOAD src/LUFA/LUFA/Drivers/USB/Core/AVR8/Device_AVR8.o
LOAD src/LUFA/LUFA/Drivers/USB/Core/AVR8/EndpointStream_AVR8.o
LOAD src/LUFA/LUFA/Drivers/USB/Core/AVR8/Endpoint_AVR8.o
LOAD src/LUFA/LUFA/Drivers/USB/Core/AVR8/Host_AVR8.o
LOAD src/LUFA/LUFA/Drivers/USB/Core/AVR8/PipeStream_AVR8.o
LOAD src/LUFA/LUFA/Drivers/USB/Core/AVR8/Pipe_AVR8.o
LOAD src/LUFA/LUFA/Drivers/USB/Core/AVR8/Template/Template_Endpoint_Control_R.o
LOAD src/LUFA/LUFA/Drivers/USB/Core/AVR8/Template/Template_Endpoint_Control_W.o
LOAD src/LUFA/LUFA/Drivers/USB/Core/AVR8/Template/Template_Endpoint_RW.o
LOAD src/LUFA/LUFA/Drivers/USB/Core/AVR8/Template/Template_Pipe_RW.o
LOAD src/LUFA/LUFA/Drivers/USB/Core/AVR8/USBController_AVR8.o
LOAD src/LUFA/LUFA/Drivers/USB/Core/AVR8/USBInterrupt_AVR8.o
LOAD src/LUFA/LUFA/Drivers/USB/Core/ConfigDescriptors.o
LOAD src/LUFA/LUFA/Drivers/USB/Core/DeviceStandardReq.o
LOAD src/LUFA/LUFA/Drivers/USB/Core/Events.o
LOAD src/LUFA/LUFA/Drivers/USB/Core/HostStandardReq.o
LOAD src/LUFA/LUFA/Drivers/USB/Core/USBTask.o
LOAD VirtualSerial.o
START GROUP
LOAD c:/program files (x86)/atmel/studio/7.0/toolchain/avr8/avr8-gnu-toolchain/bin/../lib/gcc/avr/5.4.0/../../../../avr/lib/avr5\libm.a
END GROUP
START GROUP
LOAD c:/program files (x86)/atmel/studio/7.0/toolchain/avr8/avr8-gnu-toolchain/bin/../lib/gcc/avr/5.4.0/avr5\libgcc.a
LOAD c:/program files (x86)/atmel/studio/7.0/toolchain/avr8/avr8-gnu-toolchain/bin/../lib/gcc/avr/5.4.0/../../../../avr/lib/avr5\libm.a
LOAD c:/program files (x86)/atmel/studio/7.0/toolchain/avr8/avr8-gnu-toolchain/bin/../lib/gcc/avr/5.4.0/../../../../avr/lib/avr5\libc.a
LOAD C:/Program Files (x86)/Atmel/Studio/7.0/Packs/atmel/ATmega_DFP/1.2.132/gcc/dev/atmega32u4/avr5\libatmega32u4.a
END GROUP
                0x00020000                __TEXT_REGION_LENGTH__ = DEFINED (__TEXT_REGION_LENGTH__)?__TEXT_REGION_LENGTH__:0x20000
                0x0000ffa0                __DATA_REGION_LENGTH__ = DEFINED (__DATA_REGION_LENGTH__)?__DATA_REGION_LENGTH__:0xffa0
                0x00010000                __EEPROM_REGION_LENGTH__ = DEFINED (__EEPROM_REGION_LENGTH__)?__EEPROM_REGION_LENGTH__:0x10000
                [0x00000003]                __FUSE_REGION_LENGTH__ = DEFINED (__FUSE_REGION_LENGTH__)?__FUSE_REGION_LENGTH__:0x400
                0x00000400                __LOCK_REGION_LENGTH__ = DEFINED (__LOCK_REGION_LENGTH__)?__LOCK_REGION_LENGTH__:0x400
                0x00000400                __SIGNATURE_REGION_LENGTH__ = DEFINED (__SIGNATURE_REGION_LENGTH__)?__SIGNATURE_REGION_LENGTH__:0x400
                0x00000400                __USER_SIGNATURE_REGION_LENGTH__ = DEFINED (__USER_SIGNATURE_REGION_LENGTH__)?__USER_SIGNATURE_REGION_LENGTH__:0x400

.hash
 *(.hash)

.dynsym
 *(.dynsym)

.dynstr
 *(.dynstr)

.gnu.version
 *(.gnu.version)

.gnu.version_d
 *(.gnu.version_d)

.gnu.version_r
 *(.gnu.version_r)

.rel.init
 *(.rel.init)

.rela.init
 *(.rela.init)

.rel.text
 *(.rel.text)
 *(.rel.text.*)
 *(.rel.gnu.linkonce.t*)

.rela.text
 *(.rela.text)
 *(.rela.text.*)
 *(.rela.gnu.linkonce.t*)

.rel.fini
 *(.rel.fini)

.rela.fini
 *(.rela.fini)

.rel.rodata
 *(.rel.rodata)
 *(.rel.rodata.*)
 *(.rel.gnu.linkonce.r*)

.rela.rodata
 *(.rela.rodata)
 *(.rela.rodata.*)
 *(.rela.gnu.linkonce.r*)

.rel.data
 *(.rel.data)
 *(.rel.data.*)
 *(.rel.gnu.linkonce.d*)

.rela.data
 *(.rela.data)
 *(.rela.data.*)
 *(.rela.gnu.linkonce.d*)

.rel.ctors
 *(.rel.ctors)

.rela.ctors
 *(.rela.ctors)

.rel.dtors
 *(.rel.dtors)

.rela.dtors
 *(.rela.dtors)

.rel.got
 *(.rel.got)

.rela.got
 *(.rela.got)

.rel.bss
 *(.rel.bss)

.rela.bss
 *(.rela.bss)

.rel.plt
 *(.rel.plt)

.rela.plt
 *(.rela.plt)

.text           0x00000000     0x18a8
 *(.vectors)
 .vectors       0x00000000       0xac C:/Program Files (x86)/Atmel/Studio/7.0/Packs/atmel/ATmega_DFP/1.2.132/gcc/dev/atmega32u4/avr5/crtatmega32u4.o
                0x00000000                __vector_default
                0x00000000                __vectors
 *(.vectors)
 *(.progmem.gcc*)
                0x000000ac                . = ALIGN (0x2)
                0x000000ac                __trampolines_start = .
 *(.trampolines)
 .trampolines   0x000000ac        0x0 linker stubs
 *(.trampolines*)
                0x000000ac                __trampolines_end = .
 *libprintf_flt.a:*(.progmem.data)
 *libc.a:*(.progmem.data)
 *(.progmem*)
 .progmem.data.ProductString
                0x000000ac       0x1e Descriptors.o
                0x000000ac                ProductString
 .progmem.data.ManufacturerString
                0x000000ca       0x1a Descriptors.o
                0x000000ca                ManufacturerString
 .progmem.data.LanguageString
                0x000000e4        0x4 Descriptors.o
                0x000000e4                LanguageString
 .progmem.data.ConfigurationDescriptor
                0x000000e8       0x3e Descriptors.o
                0x000000e8                ConfigurationDescriptor
 .progmem.data.DeviceDescriptor
                0x00000126       0x12 Descriptors.o
                0x00000126                DeviceDescriptor
                0x00000138                . = ALIGN (0x2)
 *(.jumptables)
 *(.jumptables*)
 *(.lowtext)
 *(.lowtext*)
                0x00000138                __ctors_start = .
 *(.ctors)
                0x00000138                __ctors_end = .
                0x00000138                __dtors_start = .
 *(.dtors)
                0x00000138                __dtors_end = .
 SORT(*)(.ctors)
 SORT(*)(.dtors)
 *(.init0)
 .init0         0x00000138        0x0 C:/Program Files (x86)/Atmel/Studio/7.0/Packs/atmel/ATmega_DFP/1.2.132/gcc/dev/atmega32u4/avr5/crtatmega32u4.o
                0x00000138                __init
 *(.init0)
 *(.init1)
 *(.init1)
 *(.init2)
 .init2         0x00000138        0xc C:/Program Files (x86)/Atmel/Studio/7.0/Packs/atmel/ATmega_DFP/1.2.132/gcc/dev/atmega32u4/avr5/crtatmega32u4.o
 *(.init2)
 *(.init3)
 *(.init3)
 *(.init4)
 .init4         0x00000144       0x16 c:/program files (x86)/atmel/studio/7.0/toolchain/avr8/avr8-gnu-toolchain/bin/../lib/gcc/avr/5.4.0/avr5\libgcc.a(_copy_data.o)
                0x00000144                __do_copy_data
 .init4         0x0000015a       0x10 c:/program files (x86)/atmel/studio/7.0/toolchain/avr8/avr8-gnu-toolchain/bin/../lib/gcc/avr/5.4.0/avr5\libgcc.a(_clear_bss.o)
                0x0000015a                __do_clear_bss
 *(.init4)
 *(.init5)
 *(.init5)
 *(.init6)
 *(.init6)
 *(.init7)
 *(.init7)
 *(.init8)
 *(.init8)
 *(.init9)
 .init9         0x0000016a        0x8 C:/Program Files (x86)/Atmel/Studio/7.0/Packs/atmel/ATmega_DFP/1.2.132/gcc/dev/atmega32u4/avr5/crtatmega32u4.o
 *(.init9)
 *(.text)
 .text          0x00000172        0x2 C:/Program Files (x86)/Atmel/Studio/7.0/Packs/atmel/ATmega_DFP/1.2.132/gcc/dev/atmega32u4/avr5/crtatmega32u4.o
                0x00000172                __vector_38
                0x00000172                __vector_22
                0x00000172                __vector_28
                0x00000172                __vector_1
                0x00000172                __vector_32
                0x00000172                __vector_34
                0x00000172                __vector_24
                0x00000172                __vector_12
                0x00000172                __bad_interrupt
                0x00000172                __vector_6
                0x00000172                __vector_31
                0x00000172                __vector_35
                0x00000172                __vector_39
                0x00000172                __vector_3
                0x00000172                __vector_23
                0x00000172                __vector_30
                0x00000172                __vector_25
                0x00000172                __vector_13
                0x00000172                __vector_17
                0x00000172                __vector_19
                0x00000172                __vector_7
                0x00000172                __vector_41
                0x00000172                __vector_27
                0x00000172                __vector_5
                0x00000172                __vector_33
                0x00000172                __vector_37
                0x00000172                __vector_4
                0x00000172                __vector_9
                0x00000172                __vector_2
                0x00000172                __vector_21
                0x00000172                __vector_15
                0x00000172                __vector_36
                0x00000172                __vector_29
                0x00000172                __vector_40
                0x00000172                __vector_8
                0x00000172                __vector_26
                0x00000172                __vector_14
                0x00000172                __vector_16
                0x00000172                __vector_18
                0x00000172                __vector_20
                0x00000172                __vector_42
                0x00000174                . = ALIGN (0x2)
 *(.text.*)
 .text.CALLBACK_USB_GetDescriptor
                0x00000174       0x78 Descriptors.o
                0x00000174                CALLBACK_USB_GetDescriptor
 .text.EncoderInit
                0x000001ec       0x30 encoder.o
                0x000001ec                EncoderInit
 .text.EncoderUpdate
                0x0000021c      0x20c encoder.o
                0x0000021c                EncoderUpdate
 .text.EncoderGetLeftDelta
                0x00000428       0x12 encoder.o
                0x00000428                EncoderGetLeftDelta
 .text.EncoderGetRightDelta
                0x0000043a       0x12 encoder.o
                0x0000043a                EncoderGetRightDelta
 .text.CDC_Device_ConfigureEndpoints
                0x0000044c       0x44 src/LUFA/LUFA/Drivers/USB/Class/Device/CDCClassDevice.o
                0x0000044c                CDC_Device_ConfigureEndpoints
 .text.CDC_Device_SendByte
                0x00000490       0x50 src/LUFA/LUFA/Drivers/USB/Class/Device/CDCClassDevice.o
                0x00000490                CDC_Device_SendByte
 .text.CDC_Device_putchar
                0x000004e0       0x20 src/LUFA/LUFA/Drivers/USB/Class/Device/CDCClassDevice.o
 .text.CDC_Device_Flush
                0x00000500       0x64 src/LUFA/LUFA/Drivers/USB/Class/Device/CDCClassDevice.o
                0x00000500                CDC_Device_Flush
 .text.CDC_Device_USBTask
                0x00000564       0x30 src/LUFA/LUFA/Drivers/USB/Class/Device/CDCClassDevice.o
                0x00000564                CDC_Device_USBTask
 .text.CDC_Device_ReceiveByte
                0x00000594       0x7e src/LUFA/LUFA/Drivers/USB/Class/Device/CDCClassDevice.o
                0x00000594                CDC_Device_ReceiveByte
 .text.CDC_Device_getchar
                0x00000612       0x12 src/LUFA/LUFA/Drivers/USB/Class/Device/CDCClassDevice.o
 .text.CDC_Device_CreateStream
                0x00000624       0x26 src/LUFA/LUFA/Drivers/USB/Class/Device/CDCClassDevice.o
                0x00000624                CDC_Device_CreateStream
 .text.CDC_Device_Event_Stub
                0x0000064a        0x2 src/LUFA/LUFA/Drivers/USB/Class/Device/CDCClassDevice.o
                0x0000064a                EVENT_CDC_Device_BreakSent
                0x0000064a                CDC_Device_Event_Stub
                0x0000064a                EVENT_CDC_Device_LineEncodingChanged
 .text.CDC_Device_ProcessControlRequest
                0x0000064c      0x140 src/LUFA/LUFA/Drivers/USB/Class/Device/CDCClassDevice.o
                0x0000064c                CDC_Device_ProcessControlRequest
 .text.Endpoint_Write_Control_Stream_LE
                0x0000078c      0x108 src/LUFA/LUFA/Drivers/USB/Core/AVR8/EndpointStream_AVR8.o
                0x0000078c                Endpoint_Write_Control_Stream_LE
 .text.Endpoint_Write_Control_PStream_LE
                0x00000894      0x10a src/LUFA/LUFA/Drivers/USB/Core/AVR8/EndpointStream_AVR8.o
                0x00000894                Endpoint_Write_Control_PStream_LE
 .text.Endpoint_ConfigureEndpoint_Prv
                0x0000099e       0xcc src/LUFA/LUFA/Drivers/USB/Core/AVR8/Endpoint_AVR8.o
                0x0000099e                Endpoint_ConfigureEndpoint_Prv
 .text.Endpoint_ConfigureEndpointTable
                0x00000a6a       0x9e src/LUFA/LUFA/Drivers/USB/Core/AVR8/Endpoint_AVR8.o
                0x00000a6a                Endpoint_ConfigureEndpointTable
 .text.Endpoint_ClearStatusStage
                0x00000b08       0x48 src/LUFA/LUFA/Drivers/USB/Core/AVR8/Endpoint_AVR8.o
                0x00000b08                Endpoint_ClearStatusStage
 .text.Endpoint_WaitUntilReady
                0x00000b50       0x82 src/LUFA/LUFA/Drivers/USB/Core/AVR8/Endpoint_AVR8.o
                0x00000b50                Endpoint_WaitUntilReady
 .text.USB_ResetInterface
                0x00000bd2       0x80 src/LUFA/LUFA/Drivers/USB/Core/AVR8/USBController_AVR8.o
                0x00000bd2                USB_ResetInterface
 .text.USB_Init
                0x00000c52       0x22 src/LUFA/LUFA/Drivers/USB/Core/AVR8/USBController_AVR8.o
                0x00000c52                USB_Init
 .text.USB_INT_DisableAllInterrupts
                0x00000c74       0x10 src/LUFA/LUFA/Drivers/USB/Core/AVR8/USBInterrupt_AVR8.o
                0x00000c74                USB_INT_DisableAllInterrupts
 .text.USB_INT_ClearAllInterrupts
                0x00000c84        0xa src/LUFA/LUFA/Drivers/USB/Core/AVR8/USBInterrupt_AVR8.o
                0x00000c84                USB_INT_ClearAllInterrupts
 .text.__vector_10
                0x00000c8e      0x18a src/LUFA/LUFA/Drivers/USB/Core/AVR8/USBInterrupt_AVR8.o
                0x00000c8e                __vector_10
 .text.__vector_11
                0x00000e18       0xa0 src/LUFA/LUFA/Drivers/USB/Core/AVR8/USBInterrupt_AVR8.o
                0x00000e18                __vector_11
 .text.USB_Device_ProcessControlRequest
                0x00000eb8      0x2e0 src/LUFA/LUFA/Drivers/USB/Core/DeviceStandardReq.o
                0x00000eb8                USB_Device_ProcessControlRequest
 .text.USB_Event_Stub
                0x00001198        0x2 src/LUFA/LUFA/Drivers/USB/Core/Events.o
                0x00001198                USB_Event_Stub
                0x00001198                EVENT_USB_Device_Suspend
                0x00001198                EVENT_USB_Device_StartOfFrame
                0x00001198                EVENT_USB_Device_Reset
                0x00001198                EVENT_USB_Device_WakeUp
 .text.USB_USBTask
                0x0000119a       0x34 src/LUFA/LUFA/Drivers/USB/Core/USBTask.o
                0x0000119a                USB_USBTask
 .text.SetupHardware
                0x000011ce       0x36 VirtualSerial.o
                0x000011ce                SetupHardware
 .text.SendSerial
                0x00001204       0x64 VirtualSerial.o
                0x00001204                SendSerial
 .text.main     0x00001268       0x24 VirtualSerial.o
                0x00001268                main
 .text.EVENT_USB_Device_Connect
                0x0000128c        0x2 VirtualSerial.o
                0x0000128c                EVENT_USB_Device_Connect
 .text.EVENT_USB_Device_Disconnect
                0x0000128e        0x2 VirtualSerial.o
                0x0000128e                EVENT_USB_Device_Disconnect
 .text.EVENT_USB_Device_ConfigurationChanged
                0x00001290        0x8 VirtualSerial.o
                0x00001290                EVENT_USB_Device_ConfigurationChanged
 .text.EVENT_USB_Device_ControlRequest
                0x00001298        0x8 VirtualSerial.o
                0x00001298                EVENT_USB_Device_ControlRequest
 .text.EVENT_CDC_Device_ControLineStateChanged
                0x000012a0        0x2 VirtualSerial.o
                0x000012a0                EVENT_CDC_Device_ControLineStateChanged
 .text.avr-libc
                0x000012a2       0x52 c:/program files (x86)/atmel/studio/7.0/toolchain/avr8/avr8-gnu-toolchain/bin/../lib/gcc/avr/5.4.0/../../../../avr/lib/avr5\libc.a(fputs.o)
                0x000012a2                fputs
 .text.avr-libc
                0x000012f4       0x3e c:/program files (x86)/atmel/studio/7.0/toolchain/avr8/avr8-gnu-toolchain/bin/../lib/gcc/avr/5.4.0/../../../../avr/lib/avr5\libc.a(sprintf.o)
                0x000012f4                sprintf
 .text.avr-libc
                0x00001332      0x3a4 c:/program files (x86)/atmel/studio/7.0/toolchain/avr8/avr8-gnu-toolchain/bin/../lib/gcc/avr/5.4.0/../../../../avr/lib/avr5\libc.a(vfprintf_std.o)
                0x00001332                vfprintf
 .text.avr-libc
                0x000016d6       0x16 c:/program files (x86)/atmel/studio/7.0/toolchain/avr8/avr8-gnu-toolchain/bin/../lib/gcc/avr/5.4.0/../../../../avr/lib/avr5\libc.a(strnlen_P.o)
                0x000016d6                strnlen_P
 .text.avr-libc
                0x000016ec       0x16 c:/program files (x86)/atmel/studio/7.0/toolchain/avr8/avr8-gnu-toolchain/bin/../lib/gcc/avr/5.4.0/../../../../avr/lib/avr5\libc.a(strnlen.o)
                0x000016ec                strnlen
 .text.avr-libc
                0x00001702       0x78 c:/program files (x86)/atmel/studio/7.0/toolchain/avr8/avr8-gnu-toolchain/bin/../lib/gcc/avr/5.4.0/../../../../avr/lib/avr5\libc.a(fputc.o)
                0x00001702                fputc
 .text.avr-libc
                0x0000177a       0xbc c:/program files (x86)/atmel/studio/7.0/toolchain/avr8/avr8-gnu-toolchain/bin/../lib/gcc/avr/5.4.0/../../../../avr/lib/avr5\libc.a(ultoa_invert.o)
                0x0000177a                __ultoa_invert
 .text.libgcc.prologue
                0x00001836       0x38 c:/program files (x86)/atmel/studio/7.0/toolchain/avr8/avr8-gnu-toolchain/bin/../lib/gcc/avr/5.4.0/avr5\libgcc.a(_prologue.o)
                0x00001836                __prologue_saves__
 .text.libgcc.prologue
                0x0000186e       0x36 c:/program files (x86)/atmel/studio/7.0/toolchain/avr8/avr8-gnu-toolchain/bin/../lib/gcc/avr/5.4.0/avr5\libgcc.a(_epilogue.o)
                0x0000186e                __epilogue_restores__
                0x000018a4                . = ALIGN (0x2)
 *(.fini9)
 .fini9         0x000018a4        0x0 c:/program files (x86)/atmel/studio/7.0/toolchain/avr8/avr8-gnu-toolchain/bin/../lib/gcc/avr/5.4.0/avr5\libgcc.a(_exit.o)
                0x000018a4                _exit
                0x000018a4                exit
 *(.fini9)
 *(.fini8)
 *(.fini8)
 *(.fini7)
 *(.fini7)
 *(.fini6)
 *(.fini6)
 *(.fini5)
 *(.fini5)
 *(.fini4)
 *(.fini4)
 *(.fini3)
 *(.fini3)
 *(.fini2)
 *(.fini2)
 *(.fini1)
 *(.fini1)
 *(.fini0)
 .fini0         0x000018a4        0x4 c:/program files (x86)/atmel/studio/7.0/toolchain/avr8/avr8-gnu-toolchain/bin/../lib/gcc/avr/5.4.0/avr5\libgcc.a(_exit.o)
 *(.fini0)
                0x000018a8                _etext = .

.data           0x00800100       0x30 load address 0x000018a8
                0x00800100                PROVIDE (__data_start, .)
 *(.data)
 *(.data*)
 .data.VirtualSerial_CDC_Interface
                0x00800100       0x1b VirtualSerial.o
                0x00800100                VirtualSerial_CDC_Interface
 *(.rodata)
 *(.rodata*)
 .rodata.str1.1
                0x0080011b       0x14 VirtualSerial.o
 *(.gnu.linkonce.d*)
                0x00800130                . = ALIGN (0x2)
 *fill*         0x0080012f        0x1 
                0x00800130                _edata = .
                0x00800130                PROVIDE (__data_end, .)

.bss            0x00800130       0x23
                0x00800130                PROVIDE (__bss_start, .)
 *(.bss)
 *(.bss*)
 .bss.r_delta   0x00800130        0x2 encoder.o
 .bss.l_delta   0x00800132        0x2 encoder.o
 .bss.br_prev   0x00800134        0x1 encoder.o
 .bss.ar_prev   0x00800135        0x1 encoder.o
 .bss.bl_prev   0x00800136        0x1 encoder.o
 .bss.al_prev   0x00800137        0x1 encoder.o
 .bss.USBSerialStream
                0x00800138        0xe VirtualSerial.o
 *(COMMON)
 COMMON         0x00800146        0x3 src/LUFA/LUFA/Drivers/USB/Core/DeviceStandardReq.o
                0x00800146                USB_Device_ConfigurationNumber
                0x00800147                USB_Device_CurrentlySelfPowered
                0x00800148                USB_Device_RemoteWakeupEnabled
 COMMON         0x00800149        0xa src/LUFA/LUFA/Drivers/USB/Core/USBTask.o
                0x00800149                USB_IsInitialized
                0x0080014a                USB_DeviceState
                0x0080014b                USB_ControlRequest
                0x00800153                PROVIDE (__bss_end, .)
                0x000018a8                __data_load_start = LOADADDR (.data)
                0x000018d8                __data_load_end = (__data_load_start + SIZEOF (.data))

.noinit         0x00800153        0x0
                [!provide]                PROVIDE (__noinit_start, .)
 *(.noinit*)
                [!provide]                PROVIDE (__noinit_end, .)
                0x00800153                _end = .
                [!provide]                PROVIDE (__heap_start, .)

.eeprom         0x00810000        0x0
 *(.eeprom*)
                0x00810000                __eeprom_end = .

.fuse
 *(.fuse)
 *(.lfuse)
 *(.hfuse)
 *(.efuse)

.lock
 *(.lock*)

.signature
 *(.signature*)

.user_signatures
 *(.user_signatures*)

.stab
 *(.stab)

.stabstr
 *(.stabstr)

.stab.excl
 *(.stab.excl)

.stab.exclstr
 *(.stab.exclstr)

.stab.index
 *(.stab.index)

.stab.indexstr
 *(.stab.indexstr)

.comment        0x00000000       0x5c
 *(.comment)
 .comment       0x00000000       0x30 Descriptors.o
                                 0x31 (size before relaxing)
 .comment       0x00000030       0x31 encoder.o
 .comment       0x00000030       0x31 src/LUFA/LUFA/Drivers/USB/Class/Device/CDCClassDevice.o
 .comment       0x00000030       0x31 src/LUFA/LUFA/Drivers/USB/Core/AVR8/EndpointStream_AVR8.o
 .comment       0x00000030       0x31 src/LUFA/LUFA/Drivers/USB/Core/AVR8/Endpoint_AVR8.o
 .comment       0x00000030       0x31 src/LUFA/LUFA/Drivers/USB/Core/AVR8/USBController_AVR8.o
 .comment       0x00000030       0x31 src/LUFA/LUFA/Drivers/USB/Core/AVR8/USBInterrupt_AVR8.o
 .comment       0x00000030       0x31 src/LUFA/LUFA/Drivers/USB/Core/DeviceStandardReq.o
 .comment       0x00000030       0x31 src/LUFA/LUFA/Drivers/USB/Core/Events.o
 .comment       0x00000030       0x31 src/LUFA/LUFA/Drivers/USB/Core/USBTask.o
 .comment       0x00000030       0x31 VirtualSerial.o
 .comment       0x00000030       0x31 c:/program files (x86)/atmel/studio/7.0/toolchain/avr8/avr8-gnu-toolchain/bin/../lib/gcc/avr/5.4.0/../../../../avr/lib/avr5\libc.a(fputs.o)
 .comment       0x00000030       0x31 c:/program files (x86)/atmel/studio/7.0/toolchain/avr8/avr8-gnu-toolchain/bin/../lib/gcc/avr/5.4.0/../../../../avr/lib/avr5\libc.a(sprintf.o)
 .comment       0x00000030       0x2c c:/program files (x86)/atmel/studio/7.0/toolchain/avr8/avr8-gnu-toolchain/bin/../lib/gcc/avr/5.4.0/../../../../avr/lib/avr5\libc.a(vfprintf_std.o)
                                 0x2d (size before relaxing)
 .comment       0x0000005c       0x31 c:/program files (x86)/atmel/studio/7.0/toolchain/avr8/avr8-gnu-toolchain/bin/../lib/gcc/avr/5.4.0/../../../../avr/lib/avr5\libc.a(fputc.o)

.note.gnu.avr.deviceinfo
                0x00000000       0x40
 .note.gnu.avr.deviceinfo
                0x00000000       0x40 C:/Program Files (x86)/Atmel/Studio/7.0/Packs/atmel/ATmega_DFP/1.2.132/gcc/dev/atmega32u4/avr5/crtatmega32u4.o

.note.gnu.build-id
 *(.note.gnu.build-id)

.debug
 *(.debug)

.line
 *(.line)

.debug_srcinfo
 *(.debug_srcinfo)

.debug_sfnames
 *(.debug_sfnames)

.debug_aranges  0x00000000      0x328
 *(.debug_aranges)
 .debug_aranges
                0x00000000       0x20 Descriptors.o
 .debug_aranges
                0x00000020       0x38 encoder.o
 .debug_aranges
                0x00000058       0xa8 src/LUFA/LUFA/Drivers/USB/Class/Device/CDCClassDevice.o
 .debug_aranges
                0x00000100       0xc8 src/LUFA/LUFA/Drivers/USB/Core/AVR8/EndpointStream_AVR8.o
 .debug_aranges
                0x000001c8       0x40 src/LUFA/LUFA/Drivers/USB/Core/AVR8/Endpoint_AVR8.o
 .debug_aranges
                0x00000208       0x30 src/LUFA/LUFA/Drivers/USB/Core/AVR8/USBController_AVR8.o
 .debug_aranges
                0x00000238       0x38 src/LUFA/LUFA/Drivers/USB/Core/AVR8/USBInterrupt_AVR8.o
 .debug_aranges
                0x00000270       0x20 src/LUFA/LUFA/Drivers/USB/Core/DeviceStandardReq.o
 .debug_aranges
                0x00000290       0x20 src/LUFA/LUFA/Drivers/USB/Core/Events.o
 .debug_aranges
                0x000002b0       0x20 src/LUFA/LUFA/Drivers/USB/Core/USBTask.o
 .debug_aranges
                0x000002d0       0x58 VirtualSerial.o

.debug_pubnames
 *(.debug_pubnames)

.debug_info     0x00000000     0x62a5
 *(.debug_info .gnu.linkonce.wi.*)
 .debug_info    0x00000000      0x9f4 C:/Program Files (x86)/Atmel/Studio/7.0/Packs/atmel/ATmega_DFP/1.2.132/gcc/dev/atmega32u4/avr5/crtatmega32u4.o
 .debug_info    0x000009f4      0x7a5 Descriptors.o
 .debug_info    0x00001199      0x225 encoder.o
 .debug_info    0x000013be      0xffa src/LUFA/LUFA/Drivers/USB/Class/Device/CDCClassDevice.o
 .debug_info    0x000023b8     0x17b5 src/LUFA/LUFA/Drivers/USB/Core/AVR8/EndpointStream_AVR8.o
 .debug_info    0x00003b6d      0x61c src/LUFA/LUFA/Drivers/USB/Core/AVR8/Endpoint_AVR8.o
 .debug_info    0x00004189      0x4ea src/LUFA/LUFA/Drivers/USB/Core/AVR8/USBController_AVR8.o
 .debug_info    0x00004673      0x7eb src/LUFA/LUFA/Drivers/USB/Core/AVR8/USBInterrupt_AVR8.o
 .debug_info    0x00004e5e      0xa60 src/LUFA/LUFA/Drivers/USB/Core/DeviceStandardReq.o
 .debug_info    0x000058be       0x7c src/LUFA/LUFA/Drivers/USB/Core/Events.o
 .debug_info    0x0000593a      0x276 src/LUFA/LUFA/Drivers/USB/Core/USBTask.o
 .debug_info    0x00005bb0      0x6f5 VirtualSerial.o

.debug_abbrev   0x00000000     0x1e47
 *(.debug_abbrev)
 .debug_abbrev  0x00000000      0x96a C:/Program Files (x86)/Atmel/Studio/7.0/Packs/atmel/ATmega_DFP/1.2.132/gcc/dev/atmega32u4/avr5/crtatmega32u4.o
 .debug_abbrev  0x0000096a      0x153 Descriptors.o
 .debug_abbrev  0x00000abd       0xc6 encoder.o
 .debug_abbrev  0x00000b83      0x408 src/LUFA/LUFA/Drivers/USB/Class/Device/CDCClassDevice.o
 .debug_abbrev  0x00000f8b      0x1ed src/LUFA/LUFA/Drivers/USB/Core/AVR8/EndpointStream_AVR8.o
 .debug_abbrev  0x00001178      0x236 src/LUFA/LUFA/Drivers/USB/Core/AVR8/Endpoint_AVR8.o
 .debug_abbrev  0x000013ae      0x186 src/LUFA/LUFA/Drivers/USB/Core/AVR8/USBController_AVR8.o
 .debug_abbrev  0x00001534      0x216 src/LUFA/LUFA/Drivers/USB/Core/AVR8/USBInterrupt_AVR8.o
 .debug_abbrev  0x0000174a      0x2a1 src/LUFA/LUFA/Drivers/USB/Core/DeviceStandardReq.o
 .debug_abbrev  0x000019eb       0x47 src/LUFA/LUFA/Drivers/USB/Core/Events.o
 .debug_abbrev  0x00001a32      0x16e src/LUFA/LUFA/Drivers/USB/Core/USBTask.o
 .debug_abbrev  0x00001ba0      0x2a7 VirtualSerial.o

.debug_line     0x00000000     0x8980
 *(.debug_line .debug_line.* .debug_line_end)
 .debug_line    0x00000000      0x199 C:/Program Files (x86)/Atmel/Studio/7.0/Packs/atmel/ATmega_DFP/1.2.132/gcc/dev/atmega32u4/avr5/crtatmega32u4.o
 .debug_line    0x00000199      0xcc6 Descriptors.o
 .debug_line    0x00000e5f      0x484 encoder.o
 .debug_line    0x000012e3     0x1366 src/LUFA/LUFA/Drivers/USB/Class/Device/CDCClassDevice.o
 .debug_line    0x00002649     0x1e67 src/LUFA/LUFA/Drivers/USB/Core/AVR8/EndpointStream_AVR8.o
 .debug_line    0x000044b0      0xbff src/LUFA/LUFA/Drivers/USB/Core/AVR8/Endpoint_AVR8.o
 .debug_line    0x000050af      0x8d1 src/LUFA/LUFA/Drivers/USB/Core/AVR8/USBController_AVR8.o
 .debug_line    0x00005980      0xb15 src/LUFA/LUFA/Drivers/USB/Core/AVR8/USBInterrupt_AVR8.o
 .debug_line    0x00006495      0xa96 src/LUFA/LUFA/Drivers/USB/Core/DeviceStandardReq.o
 .debug_line    0x00006f2b      0x47a src/LUFA/LUFA/Drivers/USB/Core/Events.o
 .debug_line    0x000073a5      0x7fa src/LUFA/LUFA/Drivers/USB/Core/USBTask.o
 .debug_line    0x00007b9f      0xde1 VirtualSerial.o

.debug_frame    0x00000000      0xba8
 *(.debug_frame)
 .debug_frame   0x00000000       0x24 Descriptors.o
 .debug_frame   0x00000024       0x70 encoder.o
 .debug_frame   0x00000094      0x188 src/LUFA/LUFA/Drivers/USB/Class/Device/CDCClassDevice.o
 .debug_frame   0x0000021c      0x618 src/LUFA/LUFA/Drivers/USB/Core/AVR8/EndpointStream_AVR8.o
 .debug_frame   0x00000834       0xdc src/LUFA/LUFA/Drivers/USB/Core/AVR8/Endpoint_AVR8.o
 .debug_frame   0x00000910       0x58 src/LUFA/LUFA/Drivers/USB/Core/AVR8/USBController_AVR8.o
 .debug_frame   0x00000968      0x100 src/LUFA/LUFA/Drivers/USB/Core/AVR8/USBInterrupt_AVR8.o
 .debug_frame   0x00000a68       0x40 src/LUFA/LUFA/Drivers/USB/Core/DeviceStandardReq.o
 .debug_frame   0x00000aa8       0x24 src/LUFA/LUFA/Drivers/USB/Core/Events.o
 .debug_frame   0x00000acc       0x2c src/LUFA/LUFA/Drivers/USB/Core/USBTask.o
 .debug_frame   0x00000af8       0xb0 VirtualSerial.o

.debug_str      0x00000000    0x17a41
 *(.debug_str)
 .debug_str     0x00000000      0x371 C:/Program Files (x86)/Atmel/Studio/7.0/Packs/atmel/ATmega_DFP/1.2.132/gcc/dev/atmega32u4/avr5/crtatmega32u4.o
 .debug_str     0x00000371    0x1519f Descriptors.o
                              0x1546d (size before relaxing)
 .debug_str     0x00015510      0x113 encoder.o
                               0x7f7b (size before relaxing)
 .debug_str     0x00015623      0x869 src/LUFA/LUFA/Drivers/USB/Class/Device/CDCClassDevice.o
                              0x15325 (size before relaxing)
 .debug_str     0x00015e8c      0x8ac src/LUFA/LUFA/Drivers/USB/Core/AVR8/EndpointStream_AVR8.o
                               0xf66e (size before relaxing)
 .debug_str     0x00016738      0x1c6 src/LUFA/LUFA/Drivers/USB/Core/AVR8/Endpoint_AVR8.o
                               0xed1d (size before relaxing)
 .debug_str     0x000168fe      0x2ad src/LUFA/LUFA/Drivers/USB/Core/AVR8/USBController_AVR8.o
                               0xec7d (size before relaxing)
 .debug_str     0x00016bab      0x1e1 src/LUFA/LUFA/Drivers/USB/Core/AVR8/USBInterrupt_AVR8.o
                               0xecdb (size before relaxing)
 .debug_str     0x00016d8c      0x475 src/LUFA/LUFA/Drivers/USB/Core/DeviceStandardReq.o
                               0xf0ee (size before relaxing)
 .debug_str     0x00017201       0x53 src/LUFA/LUFA/Drivers/USB/Core/Events.o
                               0xdebf (size before relaxing)
 .debug_str     0x00017254       0x62 src/LUFA/LUFA/Drivers/USB/Core/USBTask.o
                               0xea9c (size before relaxing)
 .debug_str     0x000172b6      0x78b VirtualSerial.o
                              0x15547 (size before relaxing)

.debug_loc      0x00000000     0x48bf
 *(.debug_loc)
 .debug_loc     0x00000000      0x226 Descriptors.o
 .debug_loc     0x00000226      0x43b encoder.o
 .debug_loc     0x00000661      0xa23 src/LUFA/LUFA/Drivers/USB/Class/Device/CDCClassDevice.o
 .debug_loc     0x00001084     0x29ad src/LUFA/LUFA/Drivers/USB/Core/AVR8/EndpointStream_AVR8.o
 .debug_loc     0x00003a31      0x593 src/LUFA/LUFA/Drivers/USB/Core/AVR8/Endpoint_AVR8.o
 .debug_loc     0x00003fc4       0xd5 src/LUFA/LUFA/Drivers/USB/Core/AVR8/USBController_AVR8.o
 .debug_loc     0x00004099      0x428 src/LUFA/LUFA/Drivers/USB/Core/AVR8/USBInterrupt_AVR8.o
 .debug_loc     0x000044c1      0x32b src/LUFA/LUFA/Drivers/USB/Core/DeviceStandardReq.o
 .debug_loc     0x000047ec       0x49 src/LUFA/LUFA/Drivers/USB/Core/USBTask.o
 .debug_loc     0x00004835       0x8a VirtualSerial.o

.debug_macinfo
 *(.debug_macinfo)

.debug_weaknames
 *(.debug_weaknames)

.debug_funcnames
 *(.debug_funcnames)

.debug_typenames
 *(.debug_typenames)

.debug_varnames
 *(.debug_varnames)

.debug_pubtypes
 *(.debug_pubtypes)

.debug_ranges   0x00000000      0xc90
 *(.debug_ranges)
 .debug_ranges  0x00000000       0x10 Descriptors.o
 .debug_ranges  0x00000010       0x28 encoder.o
 .debug_ranges  0x00000038       0x98 src/LUFA/LUFA/Drivers/USB/Class/Device/CDCClassDevice.o
 .debug_ranges  0x000000d0      0x928 src/LUFA/LUFA/Drivers/USB/Core/AVR8/EndpointStream_AVR8.o
 .debug_ranges  0x000009f8      0x190 src/LUFA/LUFA/Drivers/USB/Core/AVR8/Endpoint_AVR8.o
 .debug_ranges  0x00000b88       0x20 src/LUFA/LUFA/Drivers/USB/Core/AVR8/USBController_AVR8.o
 .debug_ranges  0x00000ba8       0x28 src/LUFA/LUFA/Drivers/USB/Core/AVR8/USBInterrupt_AVR8.o
 .debug_ranges  0x00000bd0       0x58 src/LUFA/LUFA/Drivers/USB/Core/DeviceStandardReq.o
 .debug_ranges  0x00000c28       0x10 src/LUFA/LUFA/Drivers/USB/Core/Events.o
 .debug_ranges  0x00000c38       0x10 src/LUFA/LUFA/Drivers/USB/Core/USBTask.o
 .debug_ranges  0x00000c48       0x48 VirtualSerial.o

.debug_macro    0x00000000     0x750a
 *(.debug_macro)
 .debug_macro   0x00000000      0x439 Descriptors.o
 .debug_macro   0x00000439      0xa66 Descriptors.o
 .debug_macro   0x00000e9f       0x10 Descriptors.o
 .debug_macro   0x00000eaf      0x1c9 Descriptors.o
 .debug_macro   0x00001078      0x2fc Descriptors.o
 .debug_macro   0x00001374       0x89 Descriptors.o
 .debug_macro   0x000013fd       0xaa Descriptors.o
 .debug_macro   0x000014a7     0x207d Descriptors.o
 .debug_macro   0x00003524      0x14f Descriptors.o
 .debug_macro   0x00003673       0xd9 Descriptors.o
 .debug_macro   0x0000374c       0x34 Descriptors.o
 .debug_macro   0x00003780       0x18 Descriptors.o
 .debug_macro   0x00003798       0x6c Descriptors.o
 .debug_macro   0x00003804      0x181 Descriptors.o
 .debug_macro   0x00003985       0x12 Descriptors.o
 .debug_macro   0x00003997       0x10 Descriptors.o
 .debug_macro   0x000039a7       0x22 Descriptors.o
 .debug_macro   0x000039c9       0x16 Descriptors.o
 .debug_macro   0x000039df       0x20 Descriptors.o
 .debug_macro   0x000039ff       0xf6 Descriptors.o
 .debug_macro   0x00003af5       0x22 Descriptors.o
 .debug_macro   0x00003b17      0x1a7 Descriptors.o
 .debug_macro   0x00003cbe       0x2f Descriptors.o
 .debug_macro   0x00003ced       0x1c Descriptors.o
 .debug_macro   0x00003d09       0x68 Descriptors.o
 .debug_macro   0x00003d71       0x2e Descriptors.o
 .debug_macro   0x00003d9f       0x69 Descriptors.o
 .debug_macro   0x00003e08       0x33 Descriptors.o
 .debug_macro   0x00003e3b      0x10c Descriptors.o
 .debug_macro   0x00003f47      0x160 Descriptors.o
 .debug_macro   0x000040a7      0x160 Descriptors.o
 .debug_macro   0x00004207       0x10 Descriptors.o
 .debug_macro   0x00004217       0x1c Descriptors.o
 .debug_macro   0x00004233       0x86 Descriptors.o
 .debug_macro   0x000042b9       0x3c Descriptors.o
 .debug_macro   0x000042f5       0x19 Descriptors.o
 .debug_macro   0x0000430e       0x4d Descriptors.o
 .debug_macro   0x0000435b       0x73 Descriptors.o
 .debug_macro   0x000043ce       0x16 Descriptors.o
 .debug_macro   0x000043e4       0x12 Descriptors.o
 .debug_macro   0x000043f6       0x22 Descriptors.o
 .debug_macro   0x00004418       0x64 Descriptors.o
 .debug_macro   0x0000447c       0x41 Descriptors.o
 .debug_macro   0x000044bd       0x10 Descriptors.o
 .debug_macro   0x000044cd       0x1c Descriptors.o
 .debug_macro   0x000044e9       0x16 Descriptors.o
 .debug_macro   0x000044ff       0x16 Descriptors.o
 .debug_macro   0x00004515      0x12c Descriptors.o
 .debug_macro   0x00004641       0x16 Descriptors.o
 .debug_macro   0x00004657       0x46 Descriptors.o
 .debug_macro   0x0000469d       0x58 Descriptors.o
 .debug_macro   0x000046f5       0x10 Descriptors.o
 .debug_macro   0x00004705       0x35 Descriptors.o
 .debug_macro   0x0000473a       0xf2 Descriptors.o
 .debug_macro   0x0000482c       0x16 Descriptors.o
 .debug_macro   0x00004842      0x154 Descriptors.o
 .debug_macro   0x00004996       0x2a Descriptors.o
 .debug_macro   0x000049c0      0x6ce Descriptors.o
 .debug_macro   0x0000508e       0x16 Descriptors.o
 .debug_macro   0x000050a4      0x132 Descriptors.o
 .debug_macro   0x000051d6       0x16 Descriptors.o
 .debug_macro   0x000051ec       0x10 Descriptors.o
 .debug_macro   0x000051fc       0x6c Descriptors.o
 .debug_macro   0x00005268       0x16 Descriptors.o
 .debug_macro   0x0000527e       0x1c Descriptors.o
 .debug_macro   0x0000529a       0x16 Descriptors.o
 .debug_macro   0x000052b0       0x10 Descriptors.o
 .debug_macro   0x000052c0      0x1be Descriptors.o
 .debug_macro   0x0000547e       0x16 Descriptors.o
 .debug_macro   0x00005494       0x22 Descriptors.o
 .debug_macro   0x000054b6       0xb6 encoder.o
 .debug_macro   0x0000556c       0x10 encoder.o
 .debug_macro   0x0000557c       0x9e encoder.o
 .debug_macro   0x0000561a      0x442 src/LUFA/LUFA/Drivers/USB/Class/Device/CDCClassDevice.o
 .debug_macro   0x00005a5c      0x60e src/LUFA/LUFA/Drivers/USB/Core/AVR8/EndpointStream_AVR8.o
 .debug_macro   0x0000606a       0x28 src/LUFA/LUFA/Drivers/USB/Core/AVR8/EndpointStream_AVR8.o
 .debug_macro   0x00006092       0x1c src/LUFA/LUFA/Drivers/USB/Core/AVR8/EndpointStream_AVR8.o
 .debug_macro   0x000060ae       0x1c src/LUFA/LUFA/Drivers/USB/Core/AVR8/EndpointStream_AVR8.o
 .debug_macro   0x000060ca      0x2a5 src/LUFA/LUFA/Drivers/USB/Core/AVR8/Endpoint_AVR8.o
 .debug_macro   0x0000636f       0x10 src/LUFA/LUFA/Drivers/USB/Core/AVR8/Endpoint_AVR8.o
 .debug_macro   0x0000637f      0x277 src/LUFA/LUFA/Drivers/USB/Core/AVR8/USBController_AVR8.o
 .debug_macro   0x000065f6       0x79 src/LUFA/LUFA/Drivers/USB/Core/AVR8/USBController_AVR8.o
 .debug_macro   0x0000666f      0x27f src/LUFA/LUFA/Drivers/USB/Core/AVR8/USBInterrupt_AVR8.o
 .debug_macro   0x000068ee      0x27d src/LUFA/LUFA/Drivers/USB/Core/DeviceStandardReq.o
 .debug_macro   0x00006b6b      0x182 src/LUFA/LUFA/Drivers/USB/Core/Events.o
 .debug_macro   0x00006ced      0x283 src/LUFA/LUFA/Drivers/USB/Core/USBTask.o
 .debug_macro   0x00006f70      0x475 VirtualSerial.o
 .debug_macro   0x000073e5       0x68 VirtualSerial.o
 .debug_macro   0x0000744d       0xab VirtualSerial.o
 .debug_macro   0x000074f8       0x12 VirtualSerial.o
OUTPUT(sdvxserial.elf elf32-avr)
LOAD linker stubs
